// Jest Snapshot v1, https://goo.gl/fbAQLP

exports[`Search Component Changes search value when query values change 1`] = `
{
  "asFragment": [Function],
  "baseElement": <body>
    <div>
      <form
        class="flex flex-row my-5"
      >
        <label
          for="query"
        />
        <input
          class="p-2 flex-1"
          name="query"
          pattern="[a-zA-Z0-9-]+\\/[a-zA-Z0-9-]+"
          placeholder="test"
          required=""
          type="search"
          value="coffe/uwu"
        />
        <button
          class="border-white border-2 p-2 rounded-lg mx-3"
        >
          Search
        </button>
      </form>
    </div>
  </body>,
  "container": <div>
    <form
      class="flex flex-row my-5"
    >
      <label
        for="query"
      />
      <input
        class="p-2 flex-1"
        name="query"
        pattern="[a-zA-Z0-9-]+\\/[a-zA-Z0-9-]+"
        placeholder="test"
        required=""
        type="search"
        value="coffe/uwu"
      />
      <button
        class="border-white border-2 p-2 rounded-lg mx-3"
      >
        Search
      </button>
    </form>
  </div>,
  "debug": [Function],
  "findAllByAltText": [Function],
  "findAllByDisplayValue": [Function],
  "findAllByLabelText": [Function],
  "findAllByPlaceholderText": [Function],
  "findAllByRole": [Function],
  "findAllByTestId": [Function],
  "findAllByText": [Function],
  "findAllByTitle": [Function],
  "findByAltText": [Function],
  "findByDisplayValue": [Function],
  "findByLabelText": [Function],
  "findByPlaceholderText": [Function],
  "findByRole": [Function],
  "findByTestId": [Function],
  "findByText": [Function],
  "findByTitle": [Function],
  "getAllByAltText": [Function],
  "getAllByDisplayValue": [Function],
  "getAllByLabelText": [Function],
  "getAllByPlaceholderText": [Function],
  "getAllByRole": [Function],
  "getAllByTestId": [Function],
  "getAllByText": [Function],
  "getAllByTitle": [Function],
  "getByAltText": [Function],
  "getByDisplayValue": [Function],
  "getByLabelText": [Function],
  "getByPlaceholderText": [Function],
  "getByRole": [Function],
  "getByTestId": [Function],
  "getByText": [Function],
  "getByTitle": [Function],
  "queryAllByAltText": [Function],
  "queryAllByDisplayValue": [Function],
  "queryAllByLabelText": [Function],
  "queryAllByPlaceholderText": [Function],
  "queryAllByRole": [Function],
  "queryAllByTestId": [Function],
  "queryAllByText": [Function],
  "queryAllByTitle": [Function],
  "queryByAltText": [Function],
  "queryByDisplayValue": [Function],
  "queryByLabelText": [Function],
  "queryByPlaceholderText": [Function],
  "queryByRole": [Function],
  "queryByTestId": [Function],
  "queryByText": [Function],
  "queryByTitle": [Function],
  "rerender": [Function],
  "unmount": [Function],
}
`;
